// Jest Snapshot v1, https://goo.gl/fbAQLP

exports[`Blue component test renders stuff 1`] = `
<div
  style={
    Object {
      "backgroundColor": "blue",
      "height": "100px",
      "width": "100px",
    }
  }
/>
`;
